
> Quickfynd@0.1.0 build
> next build

   Γû▓ Next.js 15.5.12
   - Environments: .env.local

   Creating an optimized production build ...
 Γ£ô Compiled successfully in 8.2s
   Linting and checking validity of types ...
   Collecting page data ...
≡ƒöÑ Initializing Firebase Admin SDK...
Γ£à Firebase Admin initialized successfully for project: quickfynd
≡ƒöÑ Initializing Firebase Admin SDK...
≡ƒöÑ Initializing Firebase Admin SDK...
Γ£à Firebase Admin initialized successfully for project: quickfynd
Γ£à Firebase Admin initialized successfully for project: quickfynd
≡ƒöÑ Initializing Firebase Admin SDK...
Γ£à Firebase Admin initialized successfully for project: quickfynd
≡ƒöÑ Initializing Firebase Admin SDK...
≡ƒöÑ Initializing Firebase Admin SDK...
≡ƒöÑ Initializing Firebase Admin SDK...
Γ£à Firebase Admin initialized successfully for project: quickfynd
≡ƒöÑ Initializing Firebase Admin SDK...
≡ƒöÑ Initializing Firebase Admin SDK...
≡ƒöÑ Initializing Firebase Admin SDK...
≡ƒöÑ Initializing Firebase Admin SDK...
≡ƒöÑ Initializing Firebase Admin SDK...
Γ£à Firebase Admin initialized successfully for project: quickfynd
Γ£à Firebase Admin initialized successfully for project: quickfynd
≡ƒöÑ Initializing Firebase Admin SDK...
Γ£à Firebase Admin initialized successfully for project: quickfynd
Γ£à Firebase Admin initialized successfully for project: quickfynd
≡ƒöÑ Initializing Firebase Admin SDK...
≡ƒöÑ Initializing Firebase Admin SDK...
Γ£à Firebase Admin initialized successfully for project: quickfynd
Γ£à Firebase Admin initialized successfully for project: quickfynd
Γ£à Firebase Admin initialized successfully for project: quickfynd
≡ƒöÑ Initializing Firebase Admin SDK...
Γ£à Firebase Admin initialized successfully for project: quickfynd
≡ƒöÑ Initializing Firebase Admin SDK...
≡ƒöÑ Initializing Firebase Admin SDK...
≡ƒöÑ Initializing Firebase Admin SDK...
≡ƒöÑ Initializing Firebase Admin SDK...
≡ƒöÑ Initializing Firebase Admin SDK...
Γ£à Firebase Admin initialized successfully for project: quickfynd
≡ƒöÑ Initializing Firebase Admin SDK...
Γ£à Firebase Admin initialized successfully for project: quickfynd
≡ƒöÑ Initializing Firebase Admin SDK...
≡ƒöÑ Initializing Firebase Admin SDK...
Γ£à Firebase Admin initialized successfully for project: quickfynd
Γ£à Firebase Admin initialized successfully for project: quickfynd
Γ£à Firebase Admin initialized successfully for project: quickfynd
≡ƒöÑ Initializing Firebase Admin SDK...
Γ£à Firebase Admin initialized successfully for project: quickfynd
Γ£à Firebase Admin initialized successfully for project: quickfynd
Γ£à Firebase Admin initialized successfully for project: quickfynd
Γ£à Firebase Admin initialized successfully for project: quickfynd
Γ£à Firebase Admin initialized successfully for project: quickfynd
≡ƒöÑ Initializing Firebase Admin SDK...
Γ£à Firebase Admin initialized successfully for project: quickfynd
Γ£à Firebase Admin initialized successfully for project: quickfynd
Γ£à Firebase Admin initialized successfully for project: quickfynd
≡ƒöÑ Initializing Firebase Admin SDK...
Γ£à Firebase Admin initialized successfully for project: quickfynd
   Generating static pages (0/331) ...
≡ƒöÑ Initializing Firebase Admin SDK...
Γ£à Firebase Admin initialized successfully for project: quickfynd
≡ƒöÑ Initializing Firebase Admin SDK...
Γ£à Firebase Admin initialized successfully for project: quickfynd
Checkout - Cart Items: {}
Checkout - Products: []
Checkout - Final Cart Array: []
≡ƒöÑ Initializing Firebase Admin SDK...
Γ£à Firebase Admin initialized successfully for project: quickfynd
≡ƒöÑ Initializing Firebase Admin SDK...
   Generating static pages (82/331) 
Γ£à Firebase Admin initialized successfully for project: quickfynd
≡ƒöÑ Initializing Firebase Admin SDK...
≡ƒöÑ Initializing Firebase Admin SDK...
Γ£à Firebase Admin initialized successfully for project: quickfynd
≡ƒöÑ Initializing Firebase Admin SDK...
Γ£à Firebase Admin initialized successfully for project: quickfynd
≡ƒöÑ Initializing Firebase Admin SDK...
Γ£à Firebase Admin initialized successfully for project: quickfynd
Γ£à Firebase Admin initialized successfully for project: quickfynd
≡ƒöÑ Initializing Firebase Admin SDK...
   Generating static pages (165/331) 
≡ƒöÑ Initializing Firebase Admin SDK...
Γ£à Firebase Admin initialized successfully for project: quickfynd
≡ƒöÑ Initializing Firebase Admin SDK...
≡ƒöÑ Initializing Firebase Admin SDK...
Γ£à Firebase Admin initialized successfully for project: quickfynd
Γ£à Firebase Admin initialized successfully for project: quickfynd
Γ£à Firebase Admin initialized successfully for project: quickfynd
   Generating static pages (248/331) 
≡ƒöÑ Initializing Firebase Admin SDK...
Γ£à Firebase Admin initialized successfully for project: quickfynd
Γ£ô MongoDB connected successfully
 Γ£ô Generating static pages (331/331)
   Finalizing page optimization ...
   Collecting build traces ...

Route (app)                                         Size  First Load JS
Γöî Γùï /                                            13.3 kB         222 kB
Γö£ ╞Æ /_not-found                                    649 B         103 kB
Γö£ Γùï /5-star-rated                                2.07 kB         211 kB
Γö£ Γùï /about-us                                      649 B         103 kB
Γö£ Γùï /admin                                        103 kB         294 kB
Γö£ Γùï /admin/approve                               1.07 kB         194 kB
Γö£ Γùï /admin/categories                            3.75 kB         185 kB
Γö£ Γùï /admin/check-auth                            1.33 kB         177 kB
Γö£ Γùï /admin/coupons                               6.11 kB         141 kB
Γö£ Γùï /admin/grid-products                           269 B         103 kB
Γö£ Γùï /admin/home                                  1.76 kB         130 kB
Γö£ Γùï /admin/home-hero                             2.58 kB         129 kB
Γö£ Γùï /admin/home-sections                         2.17 kB         129 kB
Γö£ ╞Æ /admin/home-sections/[id]                    3.03 kB         187 kB
Γö£ Γùï /admin/home-sections/new                     2.22 kB         134 kB
Γö£ Γùï /admin/products/fbt                           3.5 kB         190 kB
Γö£ Γùï /admin/section4                               5.7 kB         139 kB
Γö£ Γùï /admin/sign-in                               1.06 kB         156 kB
Γö£ Γùï /admin/stores                                2.12 kB         195 kB
Γö£ ╞Æ /api/17track/webhook                           649 B         103 kB
Γö£ ╞Æ /api/abandoned-checkout                        649 B         103 kB
Γö£ ╞Æ /api/account/delete                            649 B         103 kB
Γö£ ╞Æ /api/address                                   649 B         103 kB
Γö£ ╞Æ /api/address/[id]                              649 B         103 kB
Γö£ ╞Æ /api/admin/approve-store                       649 B         103 kB
Γö£ ╞Æ /api/admin/categories                          649 B         103 kB
Γö£ ╞Æ /api/admin/categories/[id]                     649 B         103 kB
Γö£ ╞Æ /api/admin/coupon                              649 B         103 kB
Γö£ ╞Æ /api/admin/dashboard                           649 B         103 kB
Γö£ ╞Æ /api/admin/delete-store                        649 B         103 kB
Γö£ ╞Æ /api/admin/grid-products                       649 B         103 kB
Γö£ ╞Æ /api/admin/home-sections                       649 B         103 kB
Γö£ ╞Æ /api/admin/home-sections/[id]                  649 B         103 kB
Γö£ ╞Æ /api/admin/home-selection                      649 B         103 kB
Γö£ ╞Æ /api/admin/home-selections                     649 B         103 kB
Γö£ ╞Æ /api/admin/home-selections/[id]                649 B         103 kB
Γö£ ╞Æ /api/admin/is-admin                            649 B         103 kB
Γö£ ╞Æ /api/admin/section4                            649 B         103 kB
Γö£ ╞Æ /api/admin/section4/[id]                       649 B         103 kB
Γö£ ╞Æ /api/admin/stores                              649 B         103 kB
Γö£ ╞Æ /api/admin/toggle-store                        649 B         103 kB
Γö£ ╞Æ /api/admin/upload-image                        649 B         103 kB
Γö£ ╞Æ /api/analytics/customer-behavior               649 B         103 kB
Γö£ ╞Æ /api/analytics/track-attribution               649 B         103 kB
Γö£ ╞Æ /api/auth/otp/send                             649 B         103 kB
Γö£ ╞Æ /api/auth/otp/verify                           649 B         103 kB
Γö£ ╞Æ /api/browse-history                            649 B         103 kB
Γö£ ╞Æ /api/cart                                      649 B         103 kB
Γö£ ╞Æ /api/cart/validate                             649 B         103 kB
Γö£ ╞Æ /api/categories                                649 B         103 kB
Γö£ ╞Æ /api/chatbot                                   649 B         103 kB
Γö£ ╞Æ /api/coupon                                    649 B         103 kB
Γö£ ╞Æ /api/coupons                                   649 B         103 kB
Γö£ ╞Æ /api/customer/recent-searches                  649 B         103 kB
Γö£ ╞Æ /api/deals                                     649 B         103 kB
Γö£ ╞Æ /api/debug/mongodb                             649 B         103 kB
Γö£ ╞Æ /api/debug/sliders                             649 B         103 kB
Γö£ ╞Æ /api/delhivery/cancel-shipment                 649 B         103 kB
Γö£ ╞Æ /api/delhivery/create-shipment                 649 B         103 kB
Γö£ ╞Æ /api/delhivery/fetch-waybills                  649 B         103 kB
Γö£ ╞Æ /api/delhivery/label                           649 B         103 kB
Γö£ ╞Æ /api/delhivery/pickup-request                  649 B         103 kB
Γö£ ╞Æ /api/delhivery/pincode                         649 B         103 kB
Γö£ ╞Æ /api/delhivery/pincode-serviceability          649 B         103 kB
Γö£ ╞Æ /api/delhivery/shipping-cost                   649 B         103 kB
Γö£ ╞Æ /api/delhivery/tat                             649 B         103 kB
Γö£ ╞Æ /api/delhivery/track                           649 B         103 kB
Γö£ ╞Æ /api/delhivery/waybill                         649 B         103 kB
Γö£ ╞Æ /api/email-preferences                         649 B         103 kB
Γö£ ╞Æ /api/guest/abandoned-cart                      649 B         103 kB
Γö£ ╞Æ /api/guest/convert-account                     649 B         103 kB
Γö£ ╞Æ /api/home-selection                            649 B         103 kB
Γö£ ╞Æ /api/home/sections                             649 B         103 kB
Γö£ ╞Æ /api/imagekit-auth                             649 B         103 kB
Γö£ ╞Æ /api/imagekit-auth/upload                      649 B         103 kB
Γö£ ╞Æ /api/india-post-tracking                       649 B         103 kB
Γö£ ╞Æ /api/indiapost/access/login                    649 B         103 kB
Γö£ ╞Æ /api/indiapost/booking                         649 B         103 kB
Γö£ ╞Æ /api/indiapost/booking-file                    649 B         103 kB
Γö£ ╞Æ /api/indiapost/events                          649 B         103 kB
Γö£ ╞Æ /api/indiapost/pincode                         649 B         103 kB
Γö£ ╞Æ /api/indiapost/tariff                          649 B         103 kB
Γö£ ╞Æ /api/indiapost/tracking/bulk                   649 B         103 kB
Γö£ ╞Æ /api/inngest                                   649 B         103 kB
Γö£ ╞Æ /api/notifications/guest-order                 649 B         103 kB
Γö£ ╞Æ /api/notifications/order-status                649 B         103 kB
Γö£ ╞Æ /api/orders                                    649 B         103 kB
Γö£ ╞Æ /api/orders/cancel                             649 B         103 kB
Γö£ ╞Æ /api/orders/check-razorpay-settlement          649 B         103 kB
Γö£ ╞Æ /api/orders/delivery-review                    649 B         103 kB
Γö£ ╞Æ /api/orders/failed                             649 B         103 kB
Γö£ ╞Æ /api/orders/return-request                     649 B         103 kB
Γö£ ╞Æ /api/personalized-offers                       649 B         103 kB
Γö£ ╞Æ /api/personalized-offers/resolve/[slug]        649 B         103 kB
Γö£ ╞Æ /api/personalized-offers/send                  649 B         103 kB
Γö£ ╞Æ /api/personalized-offers/validate/[token]      649 B         103 kB
Γö£ ╞Æ /api/privacy-settings                          649 B         103 kB
Γö£ ╞Æ /api/products                                  649 B         103 kB
Γö£ ╞Æ /api/products/[id]/fbt                         649 B         103 kB
Γö£ ╞Æ /api/products/batch                            649 B         103 kB
Γö£ ╞Æ /api/products/by-slug                          649 B         103 kB
Γö£ ╞Æ /api/products/deals                            649 B         103 kB
Γö£ ╞Æ /api/products/top-rated                        649 B         103 kB
Γö£ ╞Æ /api/profile                                   649 B         103 kB
Γö£ ╞Æ /api/promotional-emails                        649 B         103 kB
Γö£ ╞Æ /api/promotional-emails/templates              649 B         103 kB
Γö£ ╞Æ /api/public/category-sliders                   649 B         103 kB
Γö£ ╞Æ /api/public/featured-sections                  649 B         103 kB
Γö£ ╞Æ /api/public/most-selling-products              649 B         103 kB
Γö£ ╞Æ /api/rating                                    649 B         103 kB
Γö£ ╞Æ /api/razorpay/order                            649 B         103 kB
Γö£ ╞Æ /api/razorpay/verify                           649 B         103 kB
Γö£ ╞Æ /api/razorpay/webhook                          649 B         103 kB
Γö£ ╞Æ /api/referrals/code                            649 B         103 kB
Γö£ ╞Æ /api/referrals/config                          649 B         103 kB
Γö£ ╞Æ /api/referrals/link                            649 B         103 kB
Γö£ ╞Æ /api/return-request                            649 B         103 kB
Γö£ ╞Æ /api/review                                    649 B         103 kB
Γö£ ╞Æ /api/search-by-image                           649 B         103 kB
Γö£ ╞Æ /api/search-products                           649 B         103 kB
Γö£ ╞Æ /api/send-login-email                          649 B         103 kB
Γö£ ╞Æ /api/send-shipping-email                       649 B         103 kB
Γö£ ╞Æ /api/send-signout-email                        649 B         103 kB
Γö£ ╞Æ /api/send-welcome-email                        649 B         103 kB
Γö£ ╞Æ /api/shipping                                  649 B         103 kB
Γö£ ╞Æ /api/social-proof-products                     649 B         103 kB
Γö£ ╞Æ /api/spin/campaign                             649 B         103 kB
Γö£ ╞Æ /api/spin/play                                 649 B         103 kB
Γö£ ╞Æ /api/store-info                                649 B         103 kB
Γö£ ╞Æ /api/store/[storeId]                           649 B         103 kB
Γö£ ╞Æ /api/store/abandoned-checkout                  649 B         103 kB
Γö£ ╞Æ /api/store/ai                                  649 B         103 kB
Γö£ ╞Æ /api/store/app-download-promotion              649 B         103 kB
Γö£ ╞Æ /api/store/app-notifications                   649 B         103 kB
Γö£ ╞Æ /api/store/balance/delhivery                   649 B         103 kB
Γö£ ╞Æ /api/store/balance/razorpay                    649 B         103 kB
Γö£ ╞Æ /api/store/carousel-products                   649 B         103 kB
Γö£ ╞Æ /api/store/categories                          649 B         103 kB
Γö£ ╞Æ /api/store/categories/[id]                     649 B         103 kB
Γö£ ╞Æ /api/store/category-menu                       649 B         103 kB
Γö£ ╞Æ /api/store/category-menu/public                649 B         103 kB
Γö£ ╞Æ /api/store/category-slider                     649 B         103 kB
Γö£ ╞Æ /api/store/category-slider/[id]                649 B         103 kB
Γö£ ╞Æ /api/store/category-slider/migrate-subtitle    649 B         103 kB
Γö£ ╞Æ /api/store/category-slider/reorder             649 B         103 kB
Γö£ ╞Æ /api/store/checkout                            649 B         103 kB
Γö£ ╞Æ /api/store/coupon                              649 B         103 kB
Γö£ ╞Æ /api/store/coupon/[code]                       649 B         103 kB
Γö£ ╞Æ /api/store/coupons                             649 B         103 kB
Γö£ ╞Æ /api/store/coupons/[id]                        649 B         103 kB
Γö£ ╞Æ /api/store/courior/proxy                       649 B         103 kB
Γö£ ╞Æ /api/store/create                              649 B         103 kB
Γö£ ╞Æ /api/store/customer-locations                  649 B         103 kB
Γö£ ╞Æ /api/store/customer-tracking                   649 B         103 kB
Γö£ ╞Æ /api/store/customers                           649 B         103 kB
Γö£ ╞Æ /api/store/customers/[customerId]              649 B         103 kB
Γö£ ╞Æ /api/store/customers/wallet                    649 B         103 kB
Γö£ ╞Æ /api/store/customers/wallet/deduct             649 B         103 kB
Γö£ ╞Æ /api/store/dashboard                           649 B         103 kB
Γö£ ╞Æ /api/store/data                                649 B         103 kB
Γö£ ╞Æ /api/store/deals                               649 B         103 kB
Γö£ ╞Æ /api/store/deals/[dealId]                      649 B         103 kB
Γö£ ╞Æ /api/store/download-image                      649 B         103 kB
Γö£ ╞Æ /api/store/email-history                       649 B         103 kB
Γö£ ╞Æ /api/store/email-templates                     649 B         103 kB
Γö£ ╞Æ /api/store/fast-delivery-toggle                649 B         103 kB
Γö£ ╞Æ /api/store/featured-products                   649 B         103 kB
Γö£ ╞Æ /api/store/featured-sections                   649 B         103 kB
Γö£ ╞Æ /api/store/featured-sections/[id]              649 B         103 kB
Γö£ ╞Æ /api/store/hero-slider                         649 B         103 kB
Γö£ ╞Æ /api/store/home-categories                     649 B         103 kB
Γö£ ╞Æ /api/store/home-categories/public              649 B         103 kB
Γö£ ╞Æ /api/store/home-menu-categories                649 B         103 kB
Γö£ ╞Æ /api/store/integrations/seventeentrack         649 B         103 kB
Γö£ ╞Æ /api/store/is-seller                           649 B         103 kB
Γö£ ╞Æ /api/store/marketing-expenses                  649 B         103 kB
Γö£ ╞Æ /api/store/marketing-expenses/sync-meta        649 B         103 kB
Γö£ ╞Æ /api/store/meta-integration                    649 B         103 kB
Γö£ ╞Æ /api/store/mobile-banner-slider                649 B         103 kB
Γö£ ╞Æ /api/store/most-selling-products               649 B         103 kB
Γö£ ╞Æ /api/store/navbar-menu                         649 B         103 kB
Γö£ ╞Æ /api/store/notification-settings               649 B         103 kB
Γö£ ╞Æ /api/store/ordered-products                    649 B         103 kB
Γö£ ╞Æ /api/store/orders                              649 B         103 kB
Γö£ ╞Æ /api/store/orders/[orderId]                    649 B         103 kB
Γö£ ╞Æ /api/store/orders/[orderId]/payment-link       649 B         103 kB
Γö£ ╞Æ /api/store/orders/check-razorpay-settlement    649 B         103 kB
Γö£ ╞Æ /api/store/orders/create                       649 B         103 kB
Γö£ ╞Æ /api/store/orders/update-cancellation          649 B         103 kB
Γö£ ╞Æ /api/store/orders/update-status                649 B         103 kB
Γö£ ╞Æ /api/store/product                             649 B         103 kB
Γö£ ╞Æ /api/store/product/auto-fill-image-details     649 B         103 kB
Γö£ ╞Æ /api/store/products/pricing                    649 B         103 kB
Γö£ ╞Æ /api/store/profile/update                      649 B         103 kB
Γö£ ╞Æ /api/store/profile/upload-image                649 B         103 kB
Γö£ ╞Æ /api/store/referral-program                    649 B         103 kB
Γö£ ╞Æ /api/store/registered-customers                649 B         103 kB
Γö£ ╞Æ /api/store/return-requests                     649 B         103 kB
Γö£ ╞Æ /api/store/return-requests/[id]                649 B         103 kB
Γö£ ╞Æ /api/store/reviews                             649 B         103 kB
Γö£ ╞Æ /api/store/reviews/approve                     649 B         103 kB
Γö£ ╞Æ /api/store/sales-report                        649 B         103 kB
Γö£ ╞Æ /api/store/sales-report/export                 649 B         103 kB
Γö£ ╞Æ /api/store/schedule-pickup                     649 B         103 kB
Γö£ ╞Æ /api/store/send-notification                   649 B         103 kB
Γö£ ╞Æ /api/store/send-to-delhivery                   649 B         103 kB
Γö£ ╞Æ /api/store/settings                            649 B         103 kB
Γö£ ╞Æ /api/store/settings/update                     649 B         103 kB
Γö£ ╞Æ /api/store/sitemap-settings                    649 B         103 kB
Γö£ ╞Æ /api/store/sitemap-settings/public             649 B         103 kB
Γö£ ╞Æ /api/store/spin-campaign                       649 B         103 kB
Γö£ ╞Æ /api/store/stock-toggle                        649 B         103 kB
Γö£ ╞Æ /api/store/storeinfo                           649 B         103 kB
Γö£ ╞Æ /api/store/tickets                             649 B         103 kB
Γö£ ╞Æ /api/store/tickets/[ticketId]                  649 B         103 kB
Γö£ ╞Æ /api/store/tickets/[ticketId]/reply            649 B         103 kB
Γö£ ╞Æ /api/store/tickets/[ticketId]/status           649 B         103 kB
Γö£ ╞Æ /api/store/upload-category-image               649 B         103 kB
Γö£ ╞Æ /api/store/upload-image                        649 B         103 kB
Γö£ ╞Æ /api/store/users                               649 B         103 kB
Γö£ ╞Æ /api/store/users/accept                        649 B         103 kB
Γö£ ╞Æ /api/store/users/approve                       649 B         103 kB
Γö£ ╞Æ /api/store/users/delete                        649 B         103 kB
Γö£ ╞Æ /api/store/users/invite                        649 B         103 kB
Γö£ ╞Æ /api/store/users/make-admin                    649 B         103 kB
Γö£ ╞Æ /api/store/users/update-permissions            649 B         103 kB
Γö£ ╞Æ /api/stripe                                    649 B         103 kB
Γö£ ╞Æ /api/test/create-sample-coupon                 649 B         103 kB
Γö£ ╞Æ /api/test/fix-coupon-storeid                   649 B         103 kB
Γö£ ╞Æ /api/test/setup                                649 B         103 kB
Γö£ ╞Æ /api/tickets                                   649 B         103 kB
Γö£ ╞Æ /api/tickets/[ticketId]                        649 B         103 kB
Γö£ ╞Æ /api/track-order                               649 B         103 kB
Γö£ ╞Æ /api/upload                                    649 B         103 kB
Γö£ ╞Æ /api/user/link-guest-orders                    649 B         103 kB
Γö£ ╞Æ /api/user/link-identities                      649 B         103 kB
Γö£ ╞Æ /api/user/profile                              649 B         103 kB
Γö£ ╞Æ /api/users/track-location                      649 B         103 kB
Γö£ ╞Æ /api/wallet                                    649 B         103 kB
Γö£ ╞Æ /api/wallet/bonus                              649 B         103 kB
Γö£ ╞Æ /api/webhooks/razorpay                         649 B         103 kB
Γö£ ╞Æ /api/whatsapp-test                             649 B         103 kB
Γö£ ╞Æ /api/wishlist                                  649 B         103 kB
Γö£ Γùï /best-sellers                                1.28 kB         210 kB
Γö£ Γùï /browse-history                              3.49 kB         209 kB
Γö£ Γùï /cancellation-and-refunds                      649 B         103 kB
Γö£ Γùï /cancellation-policy                           744 B         103 kB
Γö£ Γùï /careers                                       958 B         104 kB
Γö£ Γùï /cart                                        7.36 kB         213 kB
Γö£ Γùï /categories                                   2.9 kB         109 kB
Γö£ Γùï /checkout                                    24.5 kB         234 kB
Γö£ Γùï /clearance-sale                              1.34 kB         210 kB
Γö£ Γùï /contact-us                                  1.09 kB         104 kB
Γö£ Γùï /cookie-policy                                 852 B         103 kB
Γö£ Γùï /create-store                                 8.1 kB         194 kB
Γö£ Γùï /dashboard/addresses                         2.32 kB         159 kB
Γö£ ╞Æ /dashboard/orders                            18.2 kB         350 kB
Γö£ Γùï /dashboard/profile                           10.9 kB         211 kB
Γö£ Γùï /dashboard/settings                          2.68 kB         159 kB
Γö£ Γùï /dashboard/store/personalized-offers         5.04 kB         192 kB
Γö£ Γùï /dashboard/store/promotional-emails          4.55 kB         180 kB
Γö£ Γùï /dashboard/store/registered-customers        3.38 kB         179 kB
Γö£ Γùï /dashboard/tickets                           5.28 kB         190 kB
Γö£ ╞Æ /dashboard/tickets/[ticketId]                4.69 kB         189 kB
Γö£ Γùï /dashboard/wishlist                           5.5 kB         201 kB
Γö£ Γùï /faq                                           952 B         104 kB
Γö£ Γùï /fast-delivery                               3.33 kB         209 kB
Γö£ Γùï /help                                        4.07 kB         110 kB
Γö£ Γùï /loading                                     2.31 kB         189 kB
Γö£ Γùï /new                                         1.22 kB         210 kB
Γö£ Γùï /new-arrivals                                1.25 kB         210 kB
Γö£ ╞Æ /offer/[slug]                                4.04 kB         244 kB
Γö£ Γùï /offers                                      2.86 kB         208 kB
Γö£ Γùï /order-failed                                  928 B         104 kB
Γö£ Γùï /order-success                               5.57 kB         161 kB
Γö£ Γùï /orders                                      1.45 kB         104 kB
Γö£ Γùï /payment-and-pricing                         1.61 kB         104 kB
Γö£ Γùï /pricing                                     1.35 kB         104 kB
Γö£ Γùï /privacy                                       649 B         103 kB
Γö£ Γùï /privacy-policy                              2.01 kB         105 kB
Γö£ ╞Æ /product/[slug]                              2.75 kB         243 kB
Γö£ Γùï /products                                    4.71 kB         210 kB
Γö£ Γùï /profile                                     1.05 kB         170 kB
Γö£ Γùï /recently-viewed                             2.98 kB         208 kB
Γö£ Γùï /recommended                                 3.37 kB         209 kB
Γö£ Γùï /refund-policy                                 937 B         104 kB
Γö£ Γùï /return-policy                               1.14 kB         104 kB
Γö£ Γùï /return-request                              4.58 kB         136 kB
Γö£ Γùï /robots.txt                                    649 B         103 kB
Γö£ Γùï /search-results                               3.2 kB         115 kB
Γö£ Γùï /settings                                    4.51 kB         163 kB
Γö£ Γùï /settings/privacy                            3.31 kB         162 kB
Γö£ Γùï /shipping                                      649 B         103 kB
Γö£ Γùï /shipping-policy                             1.87 kB         104 kB
Γö£ Γùï /shop                                        6.98 kB         212 kB
Γö£ ╞Æ /shop/[...slug]                                472 B         103 kB
Γö£ ╞Æ /shop/[username]                             2.35 kB         208 kB
Γö£ Γùï /sign-in                                     1.66 kB         157 kB
Γö£ Γùï /sign-up                                       671 B         103 kB
Γö£ Γùï /sitemap                                     3.11 kB         130 kB
Γö£ Γùï /sitemap.xml                                   649 B         103 kB
Γö£ Γùï /store                                       9.91 kB         200 kB
Γö£ Γùï /store/abandoned-checkout                    4.79 kB         186 kB
Γö£ Γùï /store/add-product                             522 B         341 kB
Γö£ Γùï /store/ads-tracking                          4.08 kB         180 kB
Γö£ Γùï /store/app-notifications                     3.85 kB         185 kB
Γö£ Γùï /store/balance                               2.53 kB         178 kB
Γö£ Γùï /store/carousel-slider                         649 B         103 kB
Γö£ Γùï /store/categories                            6.26 kB         188 kB
Γö£ Γùï /store/category-slider                       6.65 kB         188 kB
Γö£ Γùï /store/coupons                               5.67 kB         161 kB
Γö£ Γùï /store/courior                               3.44 kB         184 kB
Γö£ Γùï /store/customer-tracking                     6.91 kB         183 kB
Γö£ Γùï /store/customers                             6.96 kB         193 kB
Γö£ Γùï /store/deals                                 5.37 kB         192 kB
Γö£ Γùï /store/email-templates                       8.68 kB         111 kB
Γö£ Γùï /store/featured-products                     3.84 kB         190 kB
Γö£ Γùï /store/home-categories                       4.42 kB         186 kB
Γö£ Γùï /store/home-menu-categories                  5.13 kB         166 kB
Γö£ Γùï /store/home-preferences                      5.98 kB         192 kB
Γö£ Γùï /store/invite/accept                         1.86 kB         160 kB
Γö£ Γùï /store/login                                 3.65 kB         169 kB
Γö£ Γùï /store/manage-coupons                        3.57 kB         159 kB
Γö£ Γùï /store/manage-product                        5.52 kB         361 kB
Γö£ Γùï /store/marketing-expenses                     8.2 kB         192 kB
Γö£ Γùï /store/media                                 5.55 kB         192 kB
Γö£ Γùï /store/mobile-features                       6.02 kB         185 kB
Γö£ Γùï /store/most-selling-products                 1.76 kB         134 kB
Γö£ Γùï /store/navbar-menu                           2.68 kB         163 kB
Γö£ Γùï /store/orders                                34.5 kB         357 kB
Γö£ Γùï /store/personalized-offers                   5.33 kB         193 kB
Γö£ Γùï /store/product-notifications                 6.18 kB         187 kB
Γö£ Γùï /store/promotional-emails                     5.1 kB         186 kB
Γö£ Γùï /store/return-requests                       5.13 kB         186 kB
Γö£ Γùï /store/reviews                               5.77 kB         192 kB
Γö£ Γùï /store/sales-report                          5.76 kB         190 kB
Γö£ Γùï /store/sales-report/product-pricing          4.78 kB         194 kB
Γö£ Γùï /store/send-test-email                       3.69 kB         106 kB
Γö£ Γùï /store/settings                              7.38 kB         183 kB
Γö£ Γùï /store/settings/users                          407 B         103 kB
Γö£ Γùï /store/shipping                              4.91 kB         190 kB
Γö£ Γùï /store/sitemap-settings                      5.01 kB         187 kB
Γö£ Γùï /store/storefront/appearance                 2.83 kB         179 kB
Γö£ Γùï /store/storefront/carousel-slider            4.34 kB         181 kB
Γö£ Γùï /store/storefront/category-sliders            2.1 kB         178 kB
Γö£ Γùï /store/storefront/deals                      2.39 kB         178 kB
Γö£ Γùï /store/storefront/hero-slider                3.02 kB         179 kB
Γö£ Γùï /store/storefront/home-menu-categories       2.35 kB         178 kB
Γö£ Γùï /store/storefront/navbar-menu                2.31 kB         178 kB
Γö£ Γùï /store/storefront/sitemap-categories         1.98 kB         178 kB
Γö£ Γùï /store/tickets                               3.94 kB         188 kB
Γö£ ╞Æ /store/tickets/[ticketId]                    4.37 kB         189 kB
Γö£ Γùï /support                                     3.44 kB         183 kB
Γö£ Γùï /terms                                       1.29 kB         104 kB
Γö£ Γùï /terms-and-conditions                          649 B         103 kB
Γö£ Γùï /terms-of-sale                                4.5 kB         107 kB
Γö£ Γùï /top-selling                                 1.26 kB         210 kB
Γö£ Γùï /track-order                                 5.01 kB         133 kB
Γö£ Γùï /trending-now                                1.37 kB         210 kB
Γö£ Γùï /under-149                                   1.25 kB         210 kB
Γö£ Γùï /under-499                                   1.25 kB         210 kB
Γö£ Γùï /wallet                                       2.8 kB         158 kB
Γö£ Γùï /wallet/details                                649 B         103 kB
Γö£ Γùï /warranty-policy                               800 B         103 kB
Γöö Γùï /wishlist                                    6.69 kB         202 kB
+ First Load JS shared by all                     103 kB
  Γö£ chunks/1255-ad409e5887c155b0.js              45.7 kB
  Γö£ chunks/4bd1b696-100b9d70ed4e49c1.js          54.2 kB
  Γöö other shared chunks (total)                  2.69 kB


╞Æ Middleware                                     33.3 kB

Γùï  (Static)   prerendered as static content
╞Æ  (Dynamic)  server-rendered on demand

